// Jest Snapshot v1, https://goo.gl/fbAQLP

exports[`reducer initial 1`] = `
Object {
  "queries": Object {},
}
`;
