// Jest Snapshot v1, https://goo.gl/fbAQLP

exports[`Queries reducer sets an initial state 1`] = `Object {}`;
